Status: 200
Response type: dict
Single response: Sophie (Business Analyst)
